12:42:16 **** Incremental Build of configuration Debug for project kkkkkkkkkkkkkk ****
make all 
make --no-print-directory pre-build
a9-linaro-pre-build-step
' '
make --no-print-directory main-build
'Building file: ../src/helloworld.c'
'Invoking: ARM v7 gcc compiler'
arm-none-eabi-gcc -Wall -O0 -g3 -c -fmessage-length=0 -MT"src/helloworld.o" -mcpu=cortex-a9 -mfpu=vfpv3 -mfloat-abi=hard -IC:/Users/Usuario/Desktop/UNAL/2025-1/Proyecto_ED2/digital-2-lab/project/processor_hw/proccesor_workspace/platform/export/platform/sw/platform/standalone_domain/bspinclude/include -MMD -MP -MF"src/helloworld.d" -MT"src/helloworld.o" -o "src/helloworld.o" "../src/helloworld.c"
'Finished building: ../src/helloworld.c'
' '
'Building target: kkkkkkkkkkkkkk.elf'
'Invoking: ARM v7 gcc linker'
arm-none-eabi-gcc -mcpu=cortex-a9 -mfpu=vfpv3 -mfloat-abi=hard -Wl,-build-id=none -specs=Xilinx.spec -Wl,-T -Wl,../src/lscript.ld -LC:/Users/Usuario/Desktop/UNAL/2025-1/Proyecto_ED2/digital-2-lab/project/processor_hw/proccesor_workspace/platform/export/platform/sw/platform/standalone_domain/bsplib/lib -o "kkkkkkkkkkkkkk.elf"  ./src/as608.o ./src/helloworld.o ./src/implementacionFuncionesSensor.o ./src/platform.o   -Wl,--start-group,-lxil,-lgcc,-lc,--end-group
'Finished building target: kkkkkkkkkkkkkk.elf'
' '
'Invoking: ARM v7 Print Size'
arm-none-eabi-size kkkkkkkkkkkkkk.elf  |tee "kkkkkkkkkkkkkk.elf.size"
   text	   data	    bss	    dec	    hex	filename
  29070	   1192	  22712	  52974	   ceee	kkkkkkkkkkkkkk.elf
'Finished building: kkkkkkkkkkkkkk.elf.size'
' '

12:42:17 Build Finished (took 1s.340ms)

