21:17:45 **** Incremental Build of configuration Debug for project prueba ****
make all 
make --no-print-directory pre-build
a9-linaro-pre-build-step
' '
make --no-print-directory main-build
'Building file: ../src/main.c'
'Invoking: ARM v7 gcc compiler'
arm-none-eabi-gcc -Wall -O0 -g3 -c -fmessage-length=0 -MT"src/main.o" -mcpu=cortex-a9 -mfpu=vfpv3 -mfloat-abi=hard -IC:/Users/Usuario/Desktop/UNAL/2025-1/Proyecto_ED2/digital-2-lab/project/processor_hw/proccesor_workspace/platform/export/platform/sw/platform/standalone_domain/bspinclude/include -MMD -MP -MF"src/main.d" -MT"src/main.o" -o "src/main.o" "../src/main.c"
'Finished building: ../src/main.c'
' '
'Building target: prueba.elf'
'Invoking: ARM v7 gcc linker'
arm-none-eabi-gcc -mcpu=cortex-a9 -mfpu=vfpv3 -mfloat-abi=hard -Wl,-build-id=none -specs=Xilinx.spec -Wl,-T -Wl,../src/lscript.ld -LC:/Users/Usuario/Desktop/UNAL/2025-1/Proyecto_ED2/digital-2-lab/project/processor_hw/proccesor_workspace/platform/export/platform/sw/platform/standalone_domain/bsplib/lib -o "prueba.elf"  ./src/main.o ./src/platform.o   -Wl,--start-group,-lxil,-lgcc,-lc,--end-group
'Finished building target: prueba.elf'
' '
'Invoking: ARM v7 Print Size'
arm-none-eabi-size prueba.elf  |tee "prueba.elf.size"
   text	   data	    bss	    dec	    hex	filename
  21989	   1144	  22568	  45701	   b285	prueba.elf
'Finished building: prueba.elf.size'
' '

21:17:47 Build Finished (took 1s.411ms)

